87840,-0.004,-0.061,1.001,0.000,-0.610,0.000
87864,-0.004,-0.061,1.002,-0.183,-0.427,-0.183
87888,-0.005,-0.061,1.001,0.061,-0.549,-0.061
87912,-0.007,-0.060,1.003,0.061,-0.671,-0.183
87936,-0.005,-0.059,1.001,-0.305,-0.488,-0.122
87960,-0.005,-0.059,1.002,-0.244,-0.549,-0.183
87984,-0.004,-0.058,1.000,-0.305,-0.549,-0.122
88008,-0.004,-0.062,1.003,-0.244,-0.549,-0.183
88032,-0.004,-0.061,1.003,0.061,-0.488,-0.122
88056,-0.007,-0.060,1.001,-0.122,-0.549,-0.244
88080,-0.005,-0.058,1.003,-0.122,-0.610,-0.122
88104,-0.004,-0.057,1.000,-0.366,-0.610,0.061
88128,-0.003,-0.060,0.999,-0.183,-0.427,-0.244
88152,-0.005,-0.062,1.003,-0.122,-0.427,-0.122
88176,-0.008,-0.060,1.003,-0.061,-0.427,-0.244
88200,-0.008,-0.059,1.001,0.000,-0.610,-0.061
88224,-0.004,-0.059,1.002,-0.244,-0.549,-0.061
88248,-0.004,-0.058,0.997,-0.366,-0.610,-0.122
88272,-0.002,-0.058,1.002,0.061,-0.549,-0.061
88296,-0.005,-0.060,1.000,-0.061,-0.549,-0.122
88320,-0.007,-0.062,1.002,-0.122,-0.610,0.000
88344,-0.006,-0.063,1.002,-0.305,-0.610,-0.061
88368,-0.002,-0.062,1.001,-0.183,-0.549,-0.061
88392,-0.004,-0.057,1.000,0.122,-0.549,-0.122
88416,-0.006,-0.059,1.001,0.000,-0.549,-0.183
88440,-0.006,-0.060,1.000,-0.244,-0.488,-0.061
88464,-0.005,-0.061,1.003,-0.122,-0.610,0.000
88488,-0.004,-0.062,1.002,-0.061,-0.610,-0.061
88512,-0.005,-0.058,1.000,0.122,-0.610,-0.061
88536,-0.005,-0.059,1.002,-0.183,-0.732,-0.122
88560,-0.006,-0.060,1.000,-0.183,-0.488,-0.061
88584,-0.005,-0.059,1.001,-0.244,-0.610,-0.122
88608,-0.005,-0.060,1.000,-0.122,-0.610,-0.122
88632,-0.005,-0.062,1.003,0.061,-0.610,-0.183
88656,-0.007,-0.059,1.003,-0.183,-0.549,-0.122
88680,-0.005,-0.059,1.002,-0.061,-0.610,-0.183
88704,-0.002,-0.061,1.001,-0.183,-0.488,-0.061
88728,-0.004,-0.059,1.000,0.000,-0.549,-0.183
88752,-0.002,-0.059,1.000,0.000,-0.549,-0.122
88776,-0.005,-0.060,1.002,-0.244,-0.366,-0.366
88800,-0.007,-0.060,1.002,-0.366,-0.488,-0.244
88824,-0.004,-0.061,0.999,-0.122,-0.549,-0.183
88848,-0.002,-0.060,1.002,-0.122,-0.549,-0.244
88872,-0.004,-0.059,0.999,0.244,-0.610,-0.122
88896,-0.007,-0.057,1.001,0.000,-0.610,-0.183
88920,-0.005,-0.059,1.001,-0.427,-0.488,-0.122
88944,-0.005,-0.063,1.001,-0.183,-0.610,-0.061
88968,-0.001,-0.061,1.000,0.000,-0.610,-0.122
88992,-0.005,-0.059,1.002,0.061,-0.610,-0.183
89016,-0.006,-0.057,1.001,-0.061,-0.610,-0.183
89040,-0.007,-0.061,0.998,-0.610,-0.427,-0.061
89064,-0.004,-0.062,1.004,0.000,-0.671,0.000
89088,-0.002,-0.061,1.004,0.061,-0.732,-0.183
89112,-0.006,-0.059,1.001,0.000,-0.488,-0.122
89136,-0.006,-0.058,1.001,0.000,-0.610,-0.061
89160,-0.006,-0.062,1.002,-0.488,-0.610,-0.122
89184,-0.004,-0.060,1.002,0.244,-0.610,-0.122
89208,-0.003,-0.061,1.002,-0.122,-0.549,-0.122
89232,-0.003,-0.059,1.000,0.122,-0.549,-0.061
89256,-0.006,-0.059,1.002,-0.183,-0.610,-0.061
89280,-0.007,-0.060,1.005,-0.366,-0.610,-0.061
89304,-0.005,-0.063,1.002,-0.122,-0.549,-0.305
89328,-0.004,-0.061,1.003,0.000,-0.549,-0.183
89352,-0.004,-0.059,1.001,0.000,-0.549,-0.244
89376,-0.006,-0.058,1.001,-0.061,-0.488,-0.061
89400,-0.004,-0.060,1.000,-0.061,-0.671,-0.183
89424,-0.006,-0.062,1.002,-0.244,-0.549,-0.244
89448,-0.007,-0.061,1.002,0.000,-0.549,-0.061
89472,-0.006,-0.060,1.001,0.122,-0.671,-0.122
89496,-0.002,-0.058,1.002,-0.244,-0.671,-0.183
89520,-0.004,-0.060,1.000,-0.183,-0.549,-0.305
89544,-0.004,-0.062,1.002,0.244,-0.671,0.061
89568,-0.007,-0.060,1.002,-0.183,-0.549,-0.061
89592,-0.007,-0.059,1.003,-0.122,-0.671,-0.183
89616,-0.004,-0.059,1.001,-0.061,-0.610,-0.183
89640,-0.004,-0.059,0.999,-0.061,-0.610,-0.244
89664,-0.004,-0.059,1.000,-0.061,-0.549,-0.183
89688,-0.004,-0.060,1.000,0.000,-0.549,-0.122
89712,-0.005,-0.061,1.001,-0.244,-0.549,-0.122
89736,-0.005,-0.061,1.001,-0.244,-0.671,0.000
89760,-0.004,-0.060,1.002,0.061,-0.610,-0.244
89784,-0.005,-0.060,1.001,-0.305,-0.610,-0.122
89808,-0.006,-0.060,1.003,0.061,-0.549,-0.122
89832,-0.006,-0.061,1.003,-0.183,-0.488,0.000
89856,-0.002,-0.061,1.000,-0.061,-0.610,-0.061
89880,-0.003,-0.058,1.003,-0.122,-0.610,-0.061
89904,-0.005,-0.061,1.001,-0.061,-0.549,-0.061
89928,-0.005,-0.060,1.001,-0.061,-0.793,-0.061
89952,-0.004,-0.059,1.001,0.000,-0.427,-0.061
89976,-0.004,-0.060,1.002,-0.122,-0.549,-0.122
90000,-0.004,-0.060,1.004,-0.061,-0.549,-0.183
90024,-0.006,-0.059,1.004,-0.183,-0.549,-0.183
90048,-0.007,-0.059,1.002,-0.061,-0.610,-0.061
90072,-0.005,-0.059,1.001,-0.366,-0.671,-0.061
90096,-0.002,-0.061,1.000,0.000,-0.610,-0.122
90120,-0.003,-0.058,1.002,-0.305,-0.610,-0.122
90144,-0.005,-0.059,1.000,-0.244,-0.549,-0.122
90168,-0.006,-0.058,1.002,-0.122,-0.610,0.061
90192,-0.005,-0.061,1.002,-0.183,-0.488,-0.122
90216,-0.007,-0.060,1.002,-0.305,-0.549,-0.061
90240,-0.006,-0.062,1.000,0.061,-0.549,0.000
90264,-0.006,-0.062,1.000,-0.122,-0.488,-0.122
90288,-0.004,-0.059,1.000,0.183,-0.610,-0.122
90312,-0.003,-0.060,1.002,0.000,-0.610,-0.122
90336,-0.006,-0.060,1.004,-0.427,-0.610,-0.122
90360,-0.003,-0.059,1.000,-0.244,-0.671,-0.183
90384,-0.004,-0.059,1.002,-0.122,-0.488,-0.122
90408,-0.005,-0.059,1.001,-0.244,-0.610,-0.183
90432,-0.005,-0.061,0.999,-0.061,-0.610,-0.061
90456,-0.005,-0.060,1.002,-0.183,-0.610,-0.183
90480,-0.003,-0.061,1.001,-0.183,-0.549,-0.061
90504,-0.005,-0.061,1.002,-0.061,-0.732,-0.183
90528,-0.005,-0.061,1.000,-0.061,-0.610,-0.305
90552,-0.006,-0.059,1.002,-0.122,-0.549,-0.061
90576,-0.006,-0.060,1.004,-0.061,-0.610,-0.244
90600,-0.007,-0.062,1.000,-0.244,-0.549,-0.122
90624,-0.005,-0.063,1.005,0.061,-0.671,-0.061
90648,-0.006,-0.061,1.001,-0.122,-0.549,-0.061
90672,-0.005,-0.059,1.003,-0.061,-0.610,-0.122
90696,-0.004,-0.061,1.001,-0.366,-0.549,0.000
90720,-0.001,-0.061,1.001,-0.122,-0.549,-0.061
90744,-0.004,-0.061,1.004,0.244,-0.732,-0.061
90768,-0.007,-0.058,1.003,-0.061,-0.549,-0.305
90792,-0.005,-0.060,1.000,0.061,-0.427,-0.122
90816,-0.005,-0.059,1.000,-0.122,-0.488,-0.183
90840,-0.003,-0.060,1.001,-0.122,-0.610,-0.183
90864,-0.004,-0.061,1.004,0.000,-0.488,-0.122
90888,-0.005,-0.060,0.999,-0.122,-0.549,-0.183
90912,-0.007,-0.059,1.001,-0.183,-0.427,0.000
90936,-0.005,-0.061,0.999,-0.244,-0.488,-0.183
90960,-0.004,-0.062,1.006,-0.061,-0.610,-0.183
90984,-0.004,-0.059,0.997,-0.061,-0.549,-0.183
91008,-0.005,-0.059,1.003,0.305,-0.610,-0.183
91032,-0.005,-0.059,1.000,-0.488,-0.427,-0.061
91056,-0.006,-0.062,1.002,-0.122,-0.610,-0.183
91080,-0.006,-0.061,1.002,0.061,-0.671,-0.061
91104,-0.004,-0.061,1.001,-0.122,-0.671,-0.122
91128,-0.004,-0.059,1.000,0.000,-0.488,-0.122
91152,-0.006,-0.060,1.003,-0.366,-0.549,-0.122
91176,-0.006,-0.061,1.001,-0.061,-0.610,0.061
91200,-0.006,-0.061,1.003,-0.061,-0.427,-0.244
91224,-0.006,-0.059,0.999,0.183,-0.427,0.000
91248,-0.004,-0.060,1.002,-0.122,-0.610,-0.122
91272,-0.003,-0.058,1.001,-0.183,-0.549,0.061
91296,-0.003,-0.058,0.999,0.122,-0.549,-0.061
91320,-0.006,-0.061,1.001,-0.183,-0.671,-0.244
91344,-0.005,-0.061,1.003,0.061,-0.610,-0.183
91368,-0.007,-0.062,1.001,-0.122,-0.549,-0.061
91392,-0.006,-0.058,1.000,-0.061,-0.488,-0.122
91416,-0.005,-0.060,1.006,-0.061,-0.610,-0.183
91440,-0.005,-0.058,1.000,-0.244,-0.427,-0.061
91464,-0.006,-0.058,1.001,-0.061,-0.549,-0.061
91488,-0.006,-0.060,1.001,-0.549,-0.549,-0.061
91512,-0.007,-0.062,1.004,0.000,-0.549,-0.122
91536,-0.004,-0.060,0.998,0.061,-0.610,0.000
91560,-0.004,-0.059,1.003,-0.122,-0.427,-0.244
91584,-0.005,-0.059,1.001,-0.122,-0.488,-0.061
91608,-0.005,-0.061,1.001,-0.244,-0.671,-0.183
91632,-0.006,-0.059,1.003,0.122,-0.610,0.000
91656,-0.005,-0.058,1.000,-0.183,-0.427,-0.122
91680,-0.003,-0.059,1.000,0.061,-0.488,-0.183
91704,-0.005,-0.060,0.998,-0.122,-0.549,-0.061
91728,-0.006,-0.060,1.004,-0.305,-0.488,-0.122
91752,-0.004,-0.062,1.002,-0.061,-0.549,-0.122
91776,-0.004,-0.059,1.002,0.061,-0.427,-0.244
91800,-0.006,-0.058,1.000,-0.183,-0.427,-0.183
91824,-0.004,-0.059,1.001,-0.122,-0.549,-0.061
91848,-0.006,-0.062,1.002,-0.061,-0.610,-0.183
91872,-0.005,-0.062,1.000,-0.061,-0.671,-0.183
91896,-0.005,-0.059,1.001,0.000,-0.488,-0.183
91920,-0.005,-0.059,1.003,-0.305,-0.732,-0.122
91944,-0.007,-0.061,1.005,-0.305,-0.549,-0.183
91968,-0.008,-0.063,1.000,-0.122,-0.732,-0.122
91992,-0.003,-0.057,1.002,0.183,-0.549,-0.183
92016,0.000,-0.057,1.001,-0.061,-0.610,-0.183
92040,-0.004,-0.059,0.999,-0.427,-0.549,-0.183
92064,-0.008,-0.061,1.006,0.061,-0.549,0.061
92088,-0.012,-0.064,1.003,-0.366,-0.671,-0.122
92112,-0.003,-0.062,1.013,0.488,-0.671,0.000
92136,-0.000,-0.056,0.993,0.244,-0.610,-0.122
92160,-0.001,-0.057,1.001,0.061,-0.488,-0.061
92184,-0.005,-0.059,1.000,-0.183,-0.488,0.000
92208,-0.007,-0.061,1.003,-0.244,-0.610,-0.061
92232,-0.005,-0.061,1.000,0.183,-0.488,-0.244
92256,-0.004,-0.060,0.999,-0.183,-0.549,-0.122
92280,-0.005,-0.059,1.001,0.122,-0.549,0.000
92304,-0.005,-0.060,1.001,-0.305,-0.610,-0.061
92328,-0.005,-0.061,1.003,-0.305,-0.610,-0.061
92352,-0.005,-0.061,1.003,-0.244,-0.488,0.000
92376,-0.004,-0.060,1.000,-0.122,-0.488,-0.183
92400,-0.006,-0.058,1.002,0.000,-0.549,-0.061
92424,-0.006,-0.059,1.000,-0.244,-0.366,-0.183
92448,-0.006,-0.060,1.002,-0.061,-0.488,0.000
92472,-0.006,-0.061,1.003,-0.183,-0.549,-0.183
92496,-0.008,-0.062,1.005,0.000,-0.610,-0.305
92520,-0.005,-0.060,1.000,0.000,-0.671,-0.061
92544,-0.005,-0.058,1.002,0.000,-0.610,0.061
92568,-0.003,-0.058,1.000,-0.183,-0.488,-0.061
92592,-0.005,-0.060,1.000,-0.061,-0.549,0.000
92616,-0.005,-0.059,1.003,-0.244,-0.366,-0.244
92640,-0.006,-0.062,1.001,-0.305,-0.549,-0.122
92664,-0.006,-0.062,1.005,0.061,-0.671,-0.061
92688,-0.005,-0.058,1.002,-0.183,-0.549,-0.122
92712,-0.005,-0.060,1.002,0.000,-0.610,-0.183
92736,-0.003,-0.059,1.002,-0.305,-0.549,-0.122
92760,-0.005,-0.060,1.001,0.000,-0.549,-0.244
92784,-0.004,-0.059,1.002,-0.244,-0.549,-0.061
92808,-0.006,-0.061,1.002,-0.305,-0.549,-0.244
92832,-0.007,-0.061,1.001,-0.122,-0.610,-0.183
92856,-0.004,-0.062,1.003,-0.122,-0.610,-0.122
92880,-0.006,-0.059,1.002,-0.061,-0.549,-0.122
92904,-0.004,-0.058,1.001,-0.244,-0.610,-0.061
92928,-0.004,-0.058,1.001,-0.183,-0.488,-0.122
92952,-0.006,-0.060,1.004,-0.183,-0.488,-0.122
92976,-0.007,-0.061,1.003,-0.122,-0.671,-0.244
93000,-0.005,-0.061,1.001,0.061,-0.610,-0.122
93024,-0.006,-0.060,1.000,-0.244,-0.488,0.000
93048,-0.005,-0.059,1.000,0.000,-0.671,-0.061
93072,-0.005,-0.058,1.000,-0.061,-0.488,-0.122
93096,-0.004,-0.059,1.000,-0.183,-0.549,-0.122
93120,-0.006,-0.060,1.001,-0.122,-0.671,-0.183
93144,-0.005,-0.061,1.004,-0.183,-0.610,-0.122
93168,-0.007,-0.062,1.001,-0.122,-0.610,-0.244
93192,-0.008,-0.061,1.003,0.061,-0.610,-0.122
93216,-0.004,-0.059,0.999,-0.122,-0.610,-0.244
93240,-0.003,-0.058,1.001,0.183,-0.610,-0.122
93264,-0.004,-0.060,1.000,-0.183,-0.366,-0.183
93288,-0.006,-0.061,1.006,0.122,-0.671,-0.061
93312,-0.006,-0.063,0.998,-0.366,-0.488,-0.183
93336,-0.007,-0.064,1.004,0.000,-0.549,-0.122
93360,-0.004,-0.059,1.002,0.122,-0.671,-0.305
93384,-0.002,-0.058,1.001,-0.061,-0.488,-0.061
93408,-0.004,-0.056,0.999,-0.183,-0.427,-0.183
93432,-0.005,-0.060,1.003,-0.305,-0.610,0.000
93456,-0.006,-0.063,1.001,-0.061,-0.610,-0.122
93480,-0.005,-0.060,1.000,0.183,-0.488,-0.244
93504,-0.005,-0.059,1.001,-0.061,-0.427,-0.122
93528,-0.008,-0.058,1.002,-0.122,-0.488,-0.305
93552,-0.005,-0.060,1.003,-0.122,-0.610,-0.061
93576,-0.004,-0.059,1.001,-0.122,-0.488,-0.183
93600,-0.005,-0.061,1.001,-0.061,-0.488,-0.122
93624,-0.007,-0.059,1.002,0.122,-0.549,-0.061
93648,-0.005,-0.060,1.003,-0.244,-0.488,-0.122
93672,-0.003,-0.059,1.000,-0.061,-0.610,-0.122
93696,-0.008,-0.060,1.001,0.000,-0.488,-0.061
93720,-0.006,-0.060,1.002,-0.122,-0.671,0.061
93744,-0.006,-0.060,1.003,-0.122,-0.427,-0.183
93768,-0.004,-0.060,0.999,0.122,-0.549,-0.122
93792,-0.004,-0.058,1.002,-0.061,-0.549,0.000
93816,-0.004,-0.060,1.004,-0.061,-0.488,0.000
93840,-0.006,-0.062,1.001,-0.183,-0.549,-0.183
93864,-0.005,-0.062,1.001,-0.061,-0.549,-0.122
93888,-0.004,-0.058,1.003,0.000,-0.610,-0.183
93912,-0.005,-0.058,1.000,-0.244,-0.488,-0.244
93936,-0.003,-0.060,1.004,-0.244,-0.549,-0.122
93960,-0.006,-0.060,1.001,-0.183,-0.610,-0.061
93984,-0.006,-0.061,1.003,0.000,-0.549,-0.122
94008,-0.005,-0.061,1.001,-0.183,-0.549,-0.061
94032,-0.006,-0.058,1.002,-0.122,-0.610,-0.122
94056,-0.003,-0.059,1.000,-0.122,-0.671,-0.061
94080,-0.007,-0.059,1.000,-0.122,-0.488,-0.244
94104,-0.003,-0.059,1.002,-0.244,-0.488,-0.061
94128,-0.004,-0.061,1.001,-0.244,-0.671,-0.061
94152,-0.004,-0.062,1.002,-0.122,-0.549,-0.122
94176,-0.005,-0.062,1.002,-0.183,-0.610,-0.122
94200,-0.004,-0.062,1.002,-0.061,-0.610,-0.061
94224,-0.005,-0.060,1.002,-0.122,-0.549,-0.122
94248,-0.006,-0.059,1.001,-0.061,-0.610,-0.183
94272,-0.006,-0.061,1.001,-0.061,-0.610,0.000
94296,-0.005,-0.061,1.001,-0.061,-0.732,-0.122
94320,-0.004,-0.059,1.002,-0.183,-0.488,-0.183
94344,-0.007,-0.060,1.001,-0.061,-0.549,0.000
94368,-0.005,-0.061,1.003,-0.244,-0.610,0.000
94392,-0.003,-0.061,1.003,-0.061,-0.549,-0.061
94416,-0.006,-0.060,1.000,-0.061,-0.488,-0.122
94440,-0.005,-0.058,1.003,-0.061,-0.549,-0.183
94464,-0.006,-0.060,1.003,-0.183,-0.549,-0.122
94488,-0.006,-0.060,1.001,-0.183,-0.610,-0.183
94512,-0.005,-0.060,1.001,-0.061,-0.610,-0.061
94536,-0.004,-0.059,1.002,0.000,-0.610,-0.122
94560,-0.007,-0.059,1.003,-0.061,-0.610,-0.183
94584,-0.005,-0.060,1.005,-0.183,-0.671,-0.122
94608,-0.002,-0.059,1.003,-0.061,-0.549,-0.061
94632,-0.006,-0.060,1.000,-0.244,-0.427,-0.244
94656,-0.005,-0.059,1.000,-0.244,-0.610,-0.122
94680,-0.005,-0.060,1.002,0.122,-0.671,-0.061
94704,-0.005,-0.060,1.000,-0.244,-0.427,-0.061
94728,-0.003,-0.058,1.003,0.000,-0.610,-0.183
94752,-0.005,-0.059,1.001,-0.366,-0.610,-0.244
94776,-0.005,-0.061,1.002,0.000,-0.488,-0.061
94800,-0.006,-0.061,1.001,-0.122,-0.488,-0.122
94824,-0.005,-0.059,1.003,-0.122,-0.549,-0.122
94848,-0.006,-0.059,1.005,-0.244,-0.610,0.000
94872,-0.006,-0.059,1.002,-0.183,-0.488,-0.061
94896,-0.003,-0.059,1.001,0.000,-0.488,-0.183
94920,-0.005,-0.059,1.000,-0.122,-0.549,-0.122
94944,-0.006,-0.061,1.003,-0.122,-0.610,0.000
94968,-0.005,-0.061,1.001,-0.122,-0.610,0.000
94992,-0.004,-0.060,1.000,0.000,-0.549,-0.122
95016,-0.006,-0.059,1.002,-0.061,-0.549,-0.061
95040,-0.006,-0.060,1.001,-0.061,-0.610,-0.061
95064,-0.006,-0.059,1.002,-0.061,-0.671,-0.183
95088,-0.005,-0.061,1.000,-0.122,-0.488,-0.183
95112,-0.005,-0.061,1.001,0.183,-0.610,-0.183
95136,-0.004,-0.060,1.000,-0.183,-0.671,-0.122
95160,-0.006,-0.058,1.001,0.122,-0.488,-0.122
95184,-0.004,-0.060,1.004,-0.061,-0.549,-0.061
95208,-0.005,-0.060,1.002,-0.061,-0.549,-0.183
95232,-0.006,-0.060,1.001,0.000,-0.549,-0.061
95256,-0.004,-0.059,1.000,-0.183,-0.549,-0.183
95280,-0.004,-0.057,1.000,-0.183,-0.610,-0.122
95304,-0.004,-0.061,1.000,-0.183,-0.427,-0.061
95328,-0.007,-0.062,1.002,-0.122,-0.610,-0.122
95352,-0.004,-0.059,1.002,0.061,-0.610,0.000
95376,-0.007,-0.059,1.002,-0.183,-0.549,-0.122
95400,-0.005,-0.061,1.000,-0.122,-0.549,-0.183
95424,-0.003,-0.059,1.001,-0.244,-0.610,-0.183
95448,-0.005,-0.060,0.999,0.122,-0.610,-0.122
95472,-0.006,-0.059,1.002,-0.183,-0.427,-0.122
95496,-0.004,-0.059,1.002,-0.122,-0.366,-0.183
95520,-0.006,-0.061,1.000,-0.183,-0.671,-0.061
95544,-0.006,-0.062,1.001,-0.122,-0.549,-0.061
95568,-0.006,-0.061,1.000,-0.061,-0.488,-0.122
95592,-0.007,-0.061,1.000,0.000,-0.549,-0.122
95616,-0.005,-0.060,1.002,-0.244,-0.488,-0.122
95640,-0.004,-0.062,1.000,-0.061,-0.427,-0.122
95664,-0.006,-0.061,1.000,-0.244,-0.549,-0.244
95688,-0.005,-0.060,1.001,-0.122,-0.488,0.000
95712,-0.005,-0.060,1.003,0.000,-0.549,0.000
95736,-0.006,-0.060,1.001,-0.122,-0.549,-0.183
95760,-0.007,-0.059,1.002,0.000,-0.610,-0.061
95784,-0.005,-0.059,1.001,-0.122,-0.488,-0.122
95808,-0.005,-0.060,1.001,0.000,-0.488,-0.061
95832,-0.006,-0.060,1.002,-0.244,-0.427,-0.122
95856,-0.006,-0.061,1.000,-0.183,-0.427,-0.183
95880,-0.005,-0.059,1.002,-0.061,-0.671,-0.244
95904,-0.005,-0.059,1.002,-0.183,-0.549,-0.122
95928,-0.004,-0.058,1.000,-0.061,-0.610,0.061
95952,-0.004,-0.059,1.001,-0.183,-0.488,-0.122
95976,-0.004,-0.062,1.002,-0.183,-0.549,-0.061
96000,-0.006,-0.062,1.000,-0.183,-0.610,-0.122
96024,-0.006,-0.061,1.003,0.061,-0.549,-0.061
96048,-0.007,-0.060,0.999,-0.305,-0.488,-0.244
96072,-0.004,-0.059,1.000,-0.244,-0.549,0.000
96096,-0.002,-0.060,1.001,-0.183,-0.488,-0.122
96120,-0.005,-0.062,1.000,-0.122,-0.549,-0.183
96144,-0.005,-0.058,1.004,0.305,-0.366,-0.183
96168,-0.006,-0.060,1.003,-0.183,-0.671,-0.183
96192,-0.003,-0.061,1.002,-0.122,-0.610,-0.061
96216,-0.003,-0.060,1.001,-0.061,-0.549,-0.122
96240,-0.006,-0.057,1.000,-0.183,-0.488,-0.183
96264,-0.004,-0.060,1.001,-0.122,-0.549,-0.061
96288,-0.006,-0.061,1.003,0.000,-0.610,-0.061
96312,-0.005,-0.062,1.002,0.000,-0.732,-0.122
96336,-0.007,-0.061,1.000,-0.061,-0.488,-0.061
96360,-0.004,-0.059,1.003,0.000,-0.671,-0.122
96384,-0.005,-0.058,0.999,-0.122,-0.610,-0.183
96408,-0.005,-0.058,1.001,-0.183,-0.549,-0.183
96432,-0.004,-0.062,1.000,-0.244,-0.549,-0.122
96456,-0.006,-0.061,1.003,0.061,-0.427,-0.122
96480,-0.006,-0.060,1.003,0.000,-0.610,-0.061
96504,-0.005,-0.059,1.002,0.000,-0.671,-0.122
96528,-0.005,-0.060,1.001,-0.122,-0.671,-0.122
96552,-0.003,-0.061,1.000,-0.122,-0.671,-0.061
96576,-0.004,-0.060,1.000,0.000,-0.549,-0.061
96600,-0.007,-0.058,1.003,0.000,-0.488,-0.183
96624,-0.006,-0.059,1.003,-0.427,-0.549,-0.183
96648,-0.007,-0.062,1.003,-0.244,-0.549,-0.183
96672,-0.003,-0.062,1.000,-0.122,-0.549,-0.122
96696,-0.005,-0.059,0.999,0.061,-0.610,-0.061
96720,-0.004,-0.056,1.001,0.122,-0.488,-0.122
96744,-0.006,-0.059,1.001,-0.183,-0.549,-0.122
96768,-0.005,-0.062,1.000,-0.061,-0.549,-0.061
96792,-0.005,-0.061,1.004,-0.122,-0.549,0.000
96816,-0.005,-0.060,1.001,-0.244,-0.732,-0.244
96840,-0.006,-0.058,1.001,-0.061,-0.549,-0.244
96864,-0.004,-0.059,1.003,-0.061,-0.549,0.000
96888,-0.002,-0.059,1.000,-0.122,-0.854,-0.061
96912,-0.004,-0.061,1.001,-0.122,-0.610,-0.061
96936,-0.007,-0.061,1.000,-0.122,-0.549,-0.305
96960,-0.004,-0.060,1.001,-0.122,-0.610,-0.061
96984,-0.005,-0.060,0.998,-0.061,-0.610,-0.122
97008,-0.004,-0.060,1.000,-0.122,-0.549,-0.122
97032,-0.006,-0.061,0.999,-0.061,-0.610,-0.122
97056,-0.006,-0.060,1.001,-0.183,-0.488,-0.183
97080,-0.007,-0.058,1.003,-0.061,-0.488,-0.061
97104,-0.003,-0.062,1.001,-0.366,-0.610,-0.122
97128,-0.005,-0.061,1.000,0.000,-0.549,-0.061
97152,-0.004,-0.060,1.001,-0.122,-0.610,0.000
97176,-0.008,-0.058,1.001,-0.061,-0.427,-0.122
97200,-0.005,-0.060,1.001,0.000,-0.610,-0.061
97224,-0.005,-0.061,1.002,-0.244,-0.549,0.000
97248,-0.006,-0.061,1.003,0.000,-0.549,-0.122
97272,-0.005,-0.060,1.003,0.244,-0.671,-0.122
97296,-0.005,-0.060,1.002,-0.244,-0.610,-0.244
97320,-0.003,-0.060,1.002,-0.122,-0.610,0.000
97344,-0.003,-0.060,1.000,-0.183,-0.549,0.000
97368,-0.005,-0.061,1.001,0.000,-0.610,0.000
97392,-0.006,-0.061,1.002,0.061,-0.549,-0.122
97416,-0.005,-0.059,0.999,-0.122,-0.610,-0.122
97440,-0.006,-0.058,1.002,-0.061,-0.549,-0.244
97464,-0.004,-0.061,1.001,-0.122,-0.549,-0.305
97488,-0.005,-0.060,1.001,-0.122,-0.427,-0.183
97512,-0.004,-0.061,1.001,0.000,-0.488,-0.183
97536,-0.005,-0.059,1.002,-0.061,-0.671,-0.122
97560,-0.003,-0.059,1.001,0.061,-0.610,0.000
97584,-0.005,-0.059,1.000,-0.183,-0.549,0.000
97608,-0.003,-0.059,1.003,-0.061,-0.549,-0.122
97632,-0.006,-0.060,1.003,-0.183,-0.488,0.000
97656,-0.003,-0.061,1.002,0.000,-0.427,-0.061
97680,-0.004,-0.060,1.000,0.000,-0.610,-0.122
97704,-0.004,-0.059,1.000,-0.061,-0.610,-0.183
97728,-0.005,-0.059,1.003,0.000,-0.610,-0.122
97752,-0.005,-0.059,1.001,-0.305,-0.488,-0.061
97776,-0.006,-0.060,1.002,-0.244,-0.610,-0.183
97800,-0.005,-0.061,1.000,-0.305,-0.488,0.000
97824,-0.004,-0.060,0.997,-0.122,-0.488,-0.244
97848,-0.003,-0.059,1.006,0.000,-0.549,0.000
97872,-0.007,-0.060,0.999,-0.244,-0.610,-0.122
97896,-0.007,-0.062,1.005,-0.122,-0.610,0.061
97920,-0.005,-0.060,1.000,-0.122,-0.610,-0.061
97944,-0.002,-0.059,1.001,-0.122,-0.610,-0.122
97968,-0.002,-0.059,1.000,-0.061,-0.549,-0.061
97992,-0.005,-0.059,1.001,-0.061,-0.610,-0.061
98016,-0.006,-0.062,1.002,-0.305,-0.488,-0.122
98040,-0.009,-0.060,1.005,0.000,-0.610,0.000
98064,-0.003,-0.059,1.002,-0.183,-0.488,-0.183
98088,-0.003,-0.059,1.003,0.000,-0.488,-0.183
98112,-0.003,-0.058,0.998,-0.122,-0.671,-0.244
98136,-0.007,-0.060,1.000,-0.183,-0.488,-0.183
98160,-0.005,-0.061,1.002,-0.122,-0.549,0.000
98184,-0.007,-0.059,1.001,-0.122,-0.488,-0.183
98208,-0.005,-0.060,1.003,-0.061,-0.549,-0.183
98232,-0.006,-0.060,1.000,-0.183,-0.549,-0.183
98256,-0.005,-0.060,1.005,-0.061,-0.671,-0.244
98280,-0.006,-0.059,1.004,-0.244,-0.793,-0.183
98304,-0.005,-0.060,1.001,-0.061,-0.488,-0.122
98328,-0.006,-0.059,1.000,-0.244,-0.610,-0.183
98352,-0.006,-0.061,1.003,-0.061,-0.610,-0.244
98376,-0.007,-0.060,1.002,-0.122,-0.549,-0.061
98400,-0.003,-0.060,0.999,-0.122,-0.610,-0.122
98424,-0.004,-0.060,1.000,-0.061,-0.610,-0.183
98448,-0.005,-0.059,1.000,0.000,-0.610,-0.183
98472,-0.006,-0.060,1.001,-0.122,-0.488,-0.061
98496,-0.005,-0.061,1.002,-0.122,-0.549,-0.122
98520,-0.005,-0.061,1.004,-0.061,-0.671,-0.122
98544,-0.005,-0.059,1.000,-0.061,-0.549,-0.061
98568,-0.005,-0.060,1.001,-0.305,-0.732,0.000
98592,-0.006,-0.061,1.002,-0.183,-0.549,-0.061
98616,-0.007,-0.062,1.005,0.000,-0.549,-0.122
98640,-0.006,-0.061,1.000,-0.183,-0.671,-0.183
98664,-0.005,-0.059,1.003,0.061,-0.549,-0.183
98688,-0.004,-0.058,1.000,-0.244,-0.488,-0.061
98712,-0.004,-0.058,0.999,-0.122,-0.610,0.000
98736,-0.005,-0.059,1.003,-0.122,-0.610,-0.061
98760,-0.005,-0.061,1.001,-0.122,-0.549,-0.122
98784,-0.007,-0.062,1.002,0.061,-0.549,-0.122
98808,-0.007,-0.062,1.004,0.000,-0.671,-0.183
98832,-0.005,-0.059,1.001,-0.366,-0.488,-0.244
98856,-0.004,-0.059,1.002,0.061,-0.671,-0.244
98880,-0.004,-0.059,1.000,0.000,-0.488,-0.061
98904,-0.007,-0.061,1.001,0.061,-0.488,-0.122
98928,-0.007,-0.059,1.003,0.000,-0.610,-0.122
98952,-0.006,-0.061,1.000,-0.183,-0.488,-0.183
98976,-0.005,-0.059,1.002,-0.122,-0.488,-0.122
99000,-0.004,-0.059,1.001,-0.122,-0.549,-0.244
99024,-0.004,-0.058,1.002,0.244,-0.610,0.000
99048,-0.004,-0.059,1.002,-0.244,-0.549,-0.061
99072,-0.006,-0.059,1.002,-0.183,-0.549,-0.122
99096,-0.005,-0.060,1.001,0.000,-0.488,0.000
99120,-0.002,-0.058,1.000,-0.244,-0.488,-0.122
99144,-0.005,-0.061,1.000,0.000,-0.549,-0.183
99168,-0.007,-0.059,1.001,-0.183,-0.549,-0.122
99192,-0.006,-0.062,1.002,-0.122,-0.610,-0.122
99216,-0.003,-0.060,1.001,0.000,-0.610,-0.183
99240,-0.006,-0.060,0.999,-0.122,-0.549,-0.061
99264,-0.004,-0.059,1.000,-0.061,-0.549,-0.122
99288,-0.006,-0.059,1.002,-0.122,-0.549,-0.122
99312,-0.004,-0.060,1.001,-0.122,-0.549,0.183
99336,-0.007,-0.062,1.004,0.000,-0.549,0.122
99360,-0.004,-0.060,1.001,-0.122,-0.671,-0.183
99384,-0.004,-0.060,1.002,-0.183,-0.549,-0.061
99408,-0.006,-0.059,1.003,-0.244,-0.732,-0.061
99432,-0.004,-0.060,1.002,-0.122,-0.549,0.122
99456,-0.004,-0.060,1.002,-0.244,-0.549,0.000
99480,-0.005,-0.062,1.002,-0.061,-0.610,-0.061
99504,-0.005,-0.060,1.001,-0.183,-0.549,-0.244
99528,-0.004,-0.058,1.000,-0.061,-0.549,0.000
99552,-0.004,-0.058,1.002,-0.183,-0.427,-0.061
99576,-0.006,-0.060,1.000,-0.122,-0.549,-0.122
99600,-0.004,-0.062,1.001,-0.427,-0.488,-0.122
99624,-0.006,-0.060,1.002,0.122,-0.671,-0.122
99648,-0.005,-0.059,1.001,-0.244,-0.671,-0.122
99672,-0.008,-0.059,1.002,-0.061,-0.549,-0.122
99696,-0.004,-0.059,1.001,-0.061,-0.671,0.061
99720,-0.005,-0.058,1.000,-0.122,-0.549,-0.061
99744,-0.007,-0.061,1.001,-0.061,-0.549,-0.122
99768,-0.004,-0.059,1.003,-0.183,-0.549,-0.122
99792,-0.005,-0.059,1.001,-0.244,-0.549,-0.183
99816,-0.004,-0.062,1.001,0.000,-0.549,0.000
99840,-0.005,-0.060,1.001,-0.183,-0.488,-0.122
99864,-0.006,-0.058,1.000,-0.061,-0.610,-0.244
99888,-0.005,-0.060,1.002,-0.183,-0.610,-0.061
99912,-0.005,-0.061,1.001,-0.183,-0.549,-0.183
99936,-0.006,-0.059,1.002,0.061,-0.488,-0.061
99960,-0.006,-0.059,1.001,-0.244,-0.488,-0.183
99984,-0.004,-0.060,1.000,-0.122,-0.488,-0.122
100008,-0.004,-0.059,1.002,-0.183,-0.549,-0.183
100032,-0.005,-0.060,1.002,-0.061,-0.549,-0.061
100056,-0.006,-0.060,1.002,0.000,-0.671,0.122
100080,-0.005,-0.060,0.999,-0.366,-0.610,-0.122
100104,-0.005,-0.060,1.003,0.061,-0.671,-0.061
100128,-0.003,-0.059,1.001,-0.305,-0.610,-0.061
100152,-0.006,-0.060,1.002,0.000,-0.549,-0.122
100176,-0.007,-0.058,0.986,0.122,-0.366,-0.183
100200,-0.006,-0.060,1.016,0.549,-0.732,-0.183
100224,-0.006,-0.060,0.997,-0.916,-0.549,-0.122
100248,-0.005,-0.060,0.995,0.000,-0.610,-0.061
100272,-0.006,-0.061,1.004,-0.244,-0.610,-0.061
100296,-0.005,-0.059,1.000,-0.061,-0.549,-0.061
100320,-0.007,-0.059,1.005,0.061,-0.549,-0.061
100344,-0.005,-0.061,0.999,-0.305,-0.610,-0.122
100368,-0.005,-0.061,1.002,-0.061,-0.549,-0.244
100392,-0.005,-0.059,1.001,0.061,-0.427,-0.244
100416,-0.006,-0.059,1.003,-0.183,-0.488,-0.183
100440,-0.005,-0.060,1.000,-0.122,-0.427,-0.122
100464,-0.006,-0.061,1.002,-0.305,-0.549,-0.122
100488,-0.004,-0.061,1.000,-0.183,-0.732,-0.122
100512,-0.006,-0.060,1.002,-0.061,-0.549,-0.244
100536,-0.006,-0.059,1.002,-0.183,-0.610,-0.061
100560,-0.005,-0.060,1.003,-0.183,-0.610,-0.183
100584,-0.003,-0.061,1.000,-0.122,-0.488,-0.183
100608,-0.005,-0.062,1.003,-0.122,-0.427,-0.244
100632,-0.006,-0.060,1.002,0.061,-0.488,-0.061
100656,-0.005,-0.059,1.001,-0.122,-0.549,-0.183
100680,-0.005,-0.059,1.000,-0.183,-0.549,-0.122
100704,-0.005,-0.060,1.002,-0.061,-0.549,-0.061
100728,-0.004,-0.061,1.000,0.000,-0.732,0.000
100752,-0.005,-0.060,1.004,0.000,-0.549,-0.061
100776,-0.006,-0.059,1.000,-0.305,-0.549,-0.061
100800,-0.004,-0.059,1.004,-0.061,-0.610,-0.122
100824,-0.003,-0.062,1.000,-0.305,-0.549,-0.122
100848,-0.003,-0.061,1.000,-0.183,-0.549,-0.122
100872,-0.007,-0.058,1.003,0.000,-0.549,-0.305
100896,-0.006,-0.060,1.001,-0.305,-0.488,-0.122
100920,-0.005,-0.059,1.000,0.000,-0.610,-0.122
100944,-0.005,-0.060,1.002,-0.183,-0.610,-0.061
100968,-0.003,-0.060,1.002,-0.061,-0.610,-0.244
100992,-0.006,-0.058,1.002,-0.061,-0.549,-0.061
101016,-0.006,-0.060,1.001,-0.244,-0.549,-0.122
101040,-0.005,-0.061,1.001,-0.366,-0.427,0.000
101064,-0.004,-0.060,1.001,-0.244,-0.671,-0.122
101088,-0.005,-0.060,1.002,0.061,-0.671,-0.122
101112,-0.005,-0.058,0.999,-0.183,-0.427,-0.122
101136,-0.005,-0.058,1.002,0.183,-0.488,-0.122
101160,-0.003,-0.058,1.001,-0.244,-0.366,-0.061
101184,-0.003,-0.060,1.003,-0.122,-0.488,-0.122
101208,-0.005,-0.060,1.002,-0.061,-0.427,-0.122
101232,-0.006,-0.060,1.003,-0.061,-0.549,-0.122
101256,-0.006,-0.058,1.002,-0.122,-0.610,-0.122
101280,-0.006,-0.061,1.002,-0.183,-0.488,0.000
101304,-0.004,-0.061,1.001,0.183,-0.671,-0.122
101328,-0.006,-0.061,1.002,0.061,-0.549,-0.061
101352,-0.005,-0.059,1.001,-0.244,-0.671,-0.122
101376,-0.004,-0.058,1.001,-0.061,-0.549,-0.061
101400,-0.006,-0.059,1.000,-0.183,-0.488,-0.183
101424,-0.003,-0.060,1.003,-0.061,-0.427,0.061
101448,-0.004,-0.060,1.001,-0.061,-0.549,-0.122
101472,-0.004,-0.061,1.001,-0.061,-0.732,-0.122
101496,-0.006,-0.060,1.003,-0.183,-0.549,0.000
101520,-0.005,-0.061,1.000,-0.183,-0.488,-0.061
101544,-0.004,-0.058,1.003,-0.122,-0.610,0.000
101568,-0.004,-0.060,1.001,-0.122,-0.549,-0.061
101592,-0.005,-0.063,1.000,-0.061,-0.610,-0.122
101616,-0.006,-0.059,1.000,0.305,-0.549,-0.122
101640,-0.006,-0.058,1.002,0.183,-0.671,-0.122
101664,-0.003,-0.057,0.999,-0.183,-0.549,-0.122
101688,-0.001,-0.060,0.999,-0.305,-0.488,-0.122
101712,-0.005,-0.063,1.002,-0.305,-0.427,0.000
101736,-0.009,-0.061,1.003,0.122,-0.488,-0.122
101760,-0.009,-0.061,1.001,0.000,-0.488,-0.244
101784,-0.005,-0.059,1.002,-0.244,-0.488,-0.183
101808,-0.002,-0.058,0.998,-0.061,-0.671,-0.061
101832,-0.005,-0.060,1.001,-0.061,-0.610,0.000
101856,-0.006,-0.060,1.001,0.122,-0.488,-0.061
101880,-0.008,-0.062,1.001,-0.244,-0.610,-0.122
101904,-0.005,-0.061,1.001,-0.244,-0.488,-0.122
101928,-0.004,-0.058,1.000,0.183,-0.610,-0.122
101952,-0.003,-0.059,0.997,-0.183,-0.610,0.000
101976,-0.005,-0.059,1.003,-0.122,-0.427,-0.061
102000,-0.006,-0.062,1.002,-0.366,-0.610,0.000
102024,-0.005,-0.062,1.004,-0.061,-0.549,-0.122
102048,-0.005,-0.062,1.000,0.000,-0.549,-0.244
102072,-0.004,-0.058,1.000,-0.122,-0.732,-0.183
102096,-0.006,-0.060,1.001,-0.305,-0.549,-0.122
102120,-0.003,-0.060,1.000,-0.183,-0.488,-0.122
102144,-0.004,-0.062,1.003,-0.183,-0.549,-0.122
102168,-0.004,-0.061,1.000,0.061,-0.549,-0.061
102192,-0.005,-0.060,0.997,0.061,-0.610,-0.122
102216,-0.004,-0.058,1.004,-0.122,-0.549,-0.061
102240,-0.003,-0.057,1.000,-0.183,-0.549,-0.183
102264,-0.005,-0.061,1.002,-0.305,-0.610,-0.122
102288,-0.006,-0.062,1.000,-0.122,-0.488,-0.244
102312,-0.007,-0.061,1.003,-0.061,-0.488,-0.122
102336,-0.005,-0.061,1.003,-0.183,-0.549,-0.183
102360,-0.005,-0.061,0.993,-0.183,-0.549,-0.122
102384,-0.006,-0.060,1.005,0.427,-0.671,-0.244
102408,-0.003,-0.059,1.001,-0.366,-0.549,-0.122
102432,-0.005,-0.060,1.003,-0.122,-0.488,-0.122
102456,-0.005,-0.061,1.000,-0.244,-0.549,-0.061
102480,-0.005,-0.060,1.004,0.000,-0.549,-0.183
102504,-0.005,-0.060,1.001,-0.244,-0.610,-0.183
102528,-0.007,-0.060,1.002,-0.427,-0.732,0.000
102552,-0.004,-0.061,1.004,-0.061,-0.549,-0.061
102576,-0.003,-0.059,1.002,-0.183,-0.549,0.000
102600,-0.005,-0.059,0.999,0.000,-0.610,-0.244
102624,-0.007,-0.059,1.003,-0.061,-0.610,-0.183
102648,-0.006,-0.060,1.000,-0.183,-0.610,-0.244
102672,-0.005,-0.061,1.002,-0.122,-0.610,0.000
102696,-0.004,-0.059,1.002,-0.061,-0.610,-0.122
102720,-0.003,-0.058,1.002,-0.061,-0.549,-0.122
102744,-0.006,-0.060,1.000,-0.305,-0.610,-0.061
102768,-0.005,-0.061,1.002,-0.061,-0.549,-0.122
102792,-0.006,-0.061,1.001,-0.061,-0.610,-0.305
102816,-0.004,-0.059,1.000,-0.244,-0.549,-0.122
102840,-0.006,-0.059,1.001,-0.061,-0.671,-0.122
102864,-0.004,-0.058,1.000,-0.061,-0.488,-0.061
102888,-0.006,-0.060,1.003,-0.183,-0.427,-0.122
102912,-0.007,-0.061,1.001,-0.305,-0.488,-0.061
102936,-0.004,-0.059,1.002,-0.122,-0.610,-0.122
102960,-0.004,-0.060,1.000,-0.061,-0.366,-0.305
102984,-0.003,-0.059,1.000,-0.122,-0.488,-0.183
103008,-0.005,-0.059,1.000,-0.305,-0.549,-0.366
103032,-0.005,-0.060,1.002,-0.244,-0.610,-0.061
103056,-0.007,-0.061,1.000,-0.061,-0.488,-0.061
103080,-0.005,-0.059,0.999,-0.122,-0.427,-0.183
103104,-0.005,-0.059,1.005,-0.183,-0.549,-0.305
103128,-0.004,-0.061,1.000,-0.183,-0.488,-0.061
103152,-0.004,-0.060,1.001,0.061,-0.488,-0.183
103176,-0.006,-0.062,1.000,-0.183,-0.488,-0.244
103200,-0.007,-0.059,1.002,-0.305,-0.610,0.061
103224,-0.005,-0.060,1.002,0.000,-0.732,-0.061
103248,-0.003,-0.059,1.002,0.000,-0.366,0.000
103272,-0.004,-0.059,1.000,-0.122,-0.549,-0.183
103296,-0.005,-0.058,1.002,-0.122,-0.610,-0.061
103320,-0.006,-0.063,1.002,-0.122,-0.488,-0.122
103344,-0.005,-0.062,1.003,-0.244,-0.549,-0.122
103368,-0.007,-0.061,1.003,0.000,-0.488,-0.061
103392,-0.005,-0.057,1.000,0.061,-0.610,-0.122
103416,-0.005,-0.057,1.000,-0.244,-0.427,-0.183
103440,-0.003,-0.062,1.000,-0.305,-0.366,0.000
103464,-0.004,-0.061,1.003,0.000,-0.549,-0.122
103488,-0.005,-0.060,1.001,-0.061,-0.549,-0.061
103512,-0.004,-0.060,1.001,-0.061,-0.732,-0.061
103536,-0.005,-0.060,1.001,0.122,-0.610,-0.183
103560,-0.004,-0.059,1.000,0.061,-0.488,-0.061
103584,-0.004,-0.059,1.002,-0.366,-0.610,-0.061
103608,-0.004,-0.059,0.997,0.000,-0.549,-0.122
103632,-0.006,-0.061,1.004,0.000,-0.427,-0.183
103656,-0.006,-0.060,1.002,-0.305,-0.488,-0.244
103680,-0.004,-0.059,1.001,-0.183,-0.427,0.000
103704,-0.005,-0.059,1.001,-0.061,-0.610,-0.122
103728,-0.004,-0.060,1.002,-0.183,-0.488,-0.183
103752,-0.005,-0.062,1.001,0.000,-0.488,-0.122
103776,-0.006,-0.060,1.000,-0.061,-0.610,-0.061
103800,-0.006,-0.058,1.002,0.061,-0.488,-0.061
103824,-0.005,-0.058,1.002,-0.244,-0.427,-0.305
103848,-0.003,-0.061,1.003,-0.183,-0.488,-0.183
103872,-0.007,-0.061,1.001,-0.244,-0.549,-0.183
103896,-0.006,-0.059,1.003,0.000,-0.610,-0.061
103920,-0.005,-0.061,1.002,-0.183,-0.488,-0.244
103944,-0.005,-0.060,1.006,0.183,-0.671,-0.061
103968,-0.004,-0.060,1.002,-0.549,-0.671,-0.122
103992,-0.004,-0.059,1.000,0.000,-0.549,0.000
104016,-0.003,-0.062,0.999,-0.366,-0.549,-0.183
104040,-0.004,-0.061,1.000,0.061,-0.610,-0.061
104064,-0.006,-0.060,1.002,-0.305,-0.549,0.000
104088,-0.006,-0.060,1.002,0.000,-0.671,-0.061
104112,-0.005,-0.058,1.000,-0.183,-0.732,-0.122
104136,-0.003,-0.060,1.003,-0.183,-0.549,-0.061
104160,-0.004,-0.059,1.002,-0.061,-0.549,-0.061
104184,-0.005,-0.059,1.000,-0.244,-0.549,-0.061
104208,-0.007,-0.059,1.001,0.244,-0.732,0.122
104232,-0.005,-0.061,1.002,-0.427,-0.549,0.000
104256,-0.003,-0.063,1.002,0.061,-0.671,-0.061
104280,-0.003,-0.061,1.003,-0.122,-0.610,-0.122
104304,-0.006,-0.059,1.000,0.061,-0.610,-0.122
104328,-0.006,-0.057,1.001,-0.122,-0.610,-0.061
104352,-0.005,-0.061,1.000,-0.366,-0.671,-0.122
104376,-0.005,-0.061,1.002,0.000,-0.549,-0.061
104400,-0.003,-0.061,1.000,-0.122,-0.610,-0.061
104424,-0.005,-0.060,1.005,0.122,-0.549,-0.183
104448,-0.007,-0.059,1.002,-0.244,-0.488,-0.122
104472,-0.005,-0.060,1.003,-0.061,-0.488,-0.122
104496,-0.007,-0.060,1.003,-0.122,-0.549,-0.061
104520,-0.004,-0.062,1.000,0.061,-0.671,-0.183
104544,-0.004,-0.060,1.002,0.000,-0.549,-0.122
104568,-0.006,-0.059,0.999,-0.122,-0.610,-0.122
104592,-0.006,-0.058,1.005,-0.183,-0.427,-0.183
104616,-0.005,-0.062,1.005,-0.488,-0.488,-0.122
104640,-0.004,-0.061,1.002,-0.061,-0.610,-0.183
104664,-0.005,-0.060,1.001,0.000,-0.610,0.000
104688,-0.004,-0.059,0.999,-0.183,-0.488,-0.061
104712,-0.003,-0.060,1.001,-0.122,-0.488,-0.061
104736,-0.002,-0.060,1.002,-0.244,-0.549,0.061
104760,-0.005,-0.062,1.001,-0.061,-0.488,-0.122
104784,-0.006,-0.058,1.002,-0.061,-0.610,0.000
104808,-0.005,-0.060,1.001,-0.305,-0.549,-0.244
104832,-0.004,-0.062,1.000,-0.122,-0.671,0.000
104856,-0.005,-0.062,1.001,-0.061,-0.427,-0.122
104880,-0.007,-0.061,1.006,0.000,-0.488,-0.183
104904,-0.006,-0.059,0.999,-0.122,-0.427,-0.061
104928,-0.007,-0.059,1.000,0.244,-0.549,-0.122
104952,-0.005,-0.061,1.000,-0.183,-0.427,-0.061
104976,-0.004,-0.060,1.001,0.183,-0.610,-0.122
105000,-0.005,-0.061,1.000,-0.427,-0.488,-0.183
105024,-0.006,-0.059,1.003,0.000,-0.671,-0.183
105048,-0.005,-0.060,1.001,-0.244,-0.549,-0.122
105072,-0.003,-0.061,1.002,-0.122,-0.671,0.061
105096,-0.003,-0.059,0.999,-0.061,-0.488,0.000
105120,-0.004,-0.061,1.002,-0.122,-0.549,-0.061
105144,-0.008,-0.061,1.005,0.061,-0.549,0.061
105168,-0.005,-0.060,1.000,0.000,-0.549,-0.061
105192,-0.006,-0.060,1.001,-0.061,-0.610,-0.183
105216,-0.004,-0.059,1.001,-0.122,-0.488,-0.061
105240,-0.004,-0.060,0.999,-0.061,-0.671,-0.183
105264,-0.006,-0.061,1.003,0.122,-0.610,-0.183
105288,-0.005,-0.061,0.999,-0.122,-0.671,-0.061
105312,-0.006,-0.060,1.002,-0.183,-0.549,-0.061
105336,-0.007,-0.060,1.002,-0.061,-0.427,0.000
105360,-0.002,-0.060,1.002,-0.061,-0.549,-0.122
105384,-0.005,-0.060,1.001,-0.183,-0.610,-0.244
105408,-0.007,-0.058,1.005,-0.061,-0.610,-0.183
105432,-0.005,-0.059,1.001,-0.183,-0.549,-0.122
105456,-0.004,-0.062,1.000,-0.122,-0.488,-0.061
105480,-0.004,-0.059,1.001,0.183,-0.610,0.000
105504,-0.005,-0.059,1.001,-0.122,-0.610,-0.061
105528,-0.006,-0.061,1.001,0.061,-0.549,-0.122
105552,-0.004,-0.060,1.001,-0.366,-0.671,-0.061
105576,-0.005,-0.061,1.002,0.000,-0.671,-0.183
105600,-0.004,-0.061,1.002,-0.061,-0.610,-0.183
105624,-0.006,-0.061,1.002,0.061,-0.671,-0.122
105648,-0.007,-0.060,1.000,-0.061,-0.488,-0.061
105672,-0.006,-0.061,1.001,0.000,-0.549,-0.183
105696,-0.005,-0.061,1.000,0.000,-0.549,-0.122
105720,-0.004,-0.060,1.002,0.000,-0.549,-0.244
105744,-0.005,-0.060,0.999,-0.122,-0.549,-0.122
105768,-0.005,-0.060,1.000,0.000,-0.610,-0.122
105792,-0.004,-0.059,1.001,-0.244,-0.610,-0.061
105816,-0.004,-0.060,1.002,-0.061,-0.549,-0.183
105840,-0.005,-0.059,1.000,-0.061,-0.549,-0.183
105864,-0.007,-0.060,1.003,0.061,-0.671,-0.061
105888,-0.005,-0.059,1.002,-0.183,-0.488,-0.244
105912,-0.005,-0.061,1.002,-0.122,-0.671,-0.061
105936,-0.004,-0.060,1.002,-0.244,-0.732,-0.061
105960,-0.005,-0.061,1.002,-0.122,-0.549,-0.122
105984,-0.005,-0.061,1.003,-0.061,-0.610,-0.305
106008,-0.006,-0.059,1.003,-0.244,-0.610,-0.183
106032,-0.005,-0.061,1.001,-0.122,-0.610,-0.183
106056,-0.005,-0.059,1.001,0.000,-0.671,0.061
106080,-0.004,-0.061,1.003,0.000,-0.610,-0.122
106104,-0.006,-0.056,1.001,-0.183,-0.488,-0.122
106128,-0.004,-0.060,1.007,-0.244,-0.427,-0.061
106152,-0.005,-0.060,1.002,-0.122,-0.610,-0.122
106176,-0.004,-0.061,0.999,-0.061,-0.488,-0.122
106200,-0.005,-0.059,1.003,0.122,-0.671,-0.061
106224,-0.004,-0.059,1.001,-0.061,-0.549,-0.061
106248,-0.004,-0.060,1.003,-0.122,-0.549,0.000
106272,-0.005,-0.060,1.005,0.000,-0.549,0.000
106296,-0.006,-0.060,1.003,-0.183,-0.610,-0.122
106320,-0.004,-0.060,1.003,-0.183,-0.549,-0.061
106344,-0.005,-0.059,1.000,-0.305,-0.610,0.000
106368,-0.005,-0.060,1.002,-0.244,-0.549,-0.122
106392,-0.005,-0.061,1.001,-0.122,-0.671,-0.122
106416,-0.005,-0.061,1.002,-0.183,-0.671,-0.122
106440,-0.004,-0.059,1.002,-0.061,-0.671,-0.183
106464,-0.005,-0.059,1.003,-0.183,-0.488,0.000
106488,-0.005,-0.059,1.000,0.122,-0.732,-0.061
106512,-0.005,-0.060,1.002,0.000,-0.488,-0.183
106536,-0.005,-0.060,1.002,-0.183,-0.549,-0.183
106560,-0.005,-0.061,1.001,-0.061,-0.549,0.000
106584,-0.005,-0.061,1.002,-0.122,-0.488,-0.122
106608,-0.005,-0.060,0.999,-0.122,-0.549,-0.061
106632,-0.006,-0.060,1.001,0.000,-0.488,-0.122
106656,-0.004,-0.059,1.001,-0.061,-0.671,-0.183
106680,-0.006,-0.060,1.002,-0.122,-0.427,-0.122
106704,-0.004,-0.060,1.001,-0.122,-0.610,-0.244
106728,-0.005,-0.061,1.002,0.000,-0.549,-0.061
106752,-0.005,-0.060,1.003,-0.061,-0.549,0.000
106776,-0.006,-0.059,1.003,-0.122,-0.549,-0.305
106800,-0.004,-0.058,1.002,-0.183,-0.366,-0.183
106824,-0.004,-0.060,0.999,-0.122,-0.671,-0.183
106848,-0.004,-0.061,1.002,-0.122,-0.610,0.000
106872,-0.006,-0.058,1.001,-0.122,-0.610,-0.122
106896,-0.006,-0.060,1.000,-0.366,-0.488,-0.244
106920,-0.005,-0.061,0.993,-0.305,-0.488,-0.183
106944,-0.003,-0.062,1.002,0.366,-0.549,-0.183
106968,-0.006,-0.061,0.999,0.000,-0.610,-0.122
106992,-0.004,-0.061,1.001,-0.122,-0.549,-0.122
107016,-0.006,-0.059,1.000,-0.183,-0.488,0.000
107040,-0.008,-0.060,0.999,-0.183,-0.427,-0.122
107064,-0.002,-0.060,1.005,0.183,-0.488,-0.122
107088,-0.006,-0.060,0.995,-0.366,-0.549,-0.122
107112,-0.006,-0.060,1.002,0.366,-0.488,-0.122
107136,-0.006,-0.061,1.000,-0.488,-0.488,-0.183
107160,-0.006,-0.060,1.005,0.244,-0.427,-0.183
107184,-0.004,-0.059,0.995,-0.610,-0.488,-0.244
107208,-0.004,-0.060,1.003,0.244,-0.610,-0.061
107232,-0.005,-0.059,0.999,-0.244,-0.549,-0.122
107256,-0.006,-0.059,1.000,-0.183,-0.427,0.000
107280,-0.005,-0.060,1.000,-0.183,-0.549,-0.244
107304,-0.005,-0.059,1.001,-0.122,-0.549,-0.183
107328,-0.004,-0.058,1.002,-0.061,-0.488,-0.183
107352,-0.005,-0.060,0.998,-0.122,-0.610,-0.183
107376,-0.005,-0.060,1.004,0.000,-0.610,-0.061
107400,-0.006,-0.061,1.002,-0.244,-0.610,-0.122
107424,-0.008,-0.061,1.002,-0.061,-0.671,0.000
107448,-0.003,-0.060,1.001,-0.061,-0.549,-0.183
107472,-0.003,-0.060,1.002,-0.305,-0.671,-0.061
107496,-0.004,-0.059,1.000,0.000,-0.610,-0.122
107520,-0.008,-0.058,0.998,-0.305,-0.488,-0.122
107544,-0.006,-0.062,1.011,-0.366,-0.671,-0.122
107568,-0.005,-0.061,1.004,-0.183,-0.549,-0.183
107592,-0.004,-0.060,1.000,0.061,-0.610,-0.183
107616,-0.003,-0.060,1.000,-0.305,-0.610,-0.122
107640,-0.003,-0.061,0.999,0.183,-0.610,-0.183
107664,-0.006,-0.060,1.001,-0.488,-0.488,-0.061
107688,-0.002,-0.060,1.001,-0.061,-0.488,-0.183
107712,-0.005,-0.061,1.003,-0.305,-0.732,-0.061
107736,-0.005,-0.061,1.001,0.000,-0.671,-0.183
107760,-0.005,-0.058,1.001,-0.061,-0.549,-0.183
107784,-0.003,-0.058,1.001,-0.061,-0.549,0.061
