{
  "timestamp": "2026-08-08 08:13:24.620996",
  "device_info": {
    "serial_number": "AEEAJlQwUBYgOTNO",
    "model": "0",
    "git_hash": "6f063a90a97012dc9f6ccc420390c5a6cc55fac7",
    "git_dirty": false,
    "git_timestamp": 1779983577,
    "uuid": "a05ba6c1-7c4d-44ea-b2af-04d193d1774a"
  },
  "calibration": {
    "invert": false,
    "phase_invert": false,
    "poles": 24,
    "offset": [
      3.0608664147502473,
      2.8924032080445405,
      2.7874051192390037,
      2.8017158864162504,
      2.9382277438102413,
      2.9533045342716737,
      3.0668696898982044,
      2.919648473246406,
      2.899967703277163,
      2.85958539785433,
      2.9927572854650717,
      3.092271426346264,
      2.902602156253729,
      2.8980350954100613,
      3.0676339747806862,
      3.020890959526851,
      3.0615272325820606,
      3.0699886987340195,
      3.049558320684595,
      3.076966303786768,
      3.096595002330624,
      3.1570257290121355,
      3.176481966999164,
      3.082663923975857,
      3.1351194623074248,
      3.1680184410572143,
      3.0984114668112803,
      3.2015019110861678,
      3.108419334978836,
      3.1874006808894038,
      3.114514457353717,
      3.222362575501413,
      3.2482723885524805,
      3.01345761181847,
      3.0040928183957956,
      3.223346042199485,
      3.148027593519808,
      3.0848071998948896,
      3.047016368907346,
      2.995719576432639,
      3.0349249969550525,
      2.8964025703262495,
      3.0732029803850356,
      3.159032464099406,
      2.8738994050605595,
      2.858521531340312,
      2.9633683567537186,
      2.9417821504687383,
      3.0782874489285037,
      2.992259429901511,
      2.8946344365919856,
      2.918795206312058,
      2.9943444410096816,
      3.0544568372618883,
      3.015900930986762,
      2.862479524377792,
      2.92261947406824,
      2.9529559915308976,
      2.8587538595009,
      3.0210445814458953,
      2.911024982132774,
      2.8147849775583964,
      2.834915196445428,
      2.9759391806599913
    ],
    "fit_metric": 125.7366667241517,
    "current_quality_factor": 92.49296290021736
  },
  "winding_resistance": 0.09904044499401937,
  "inductance": 4.662296905458149e-05,
  "inductance_d": 4.7392738046408456e-05,
  "inductance_q": 5.544378904078724e-05,
  "inductance_d_scale": 0.0,
  "pid_dq_kp": 0.058588150828166985,
  "pid_q_kp": 0.058588150828166985,
  "pid_dq_ki": 124.45789376059011,
  "torque_bw_hz": 200.0,
  "encoder_filter_bw_hz": 200.0,
  "encoder_filter_kp": 1013.4169850289654,
  "encoder_filter_ki": 256753.49638629958,
  "kv": 379.71388710530397,
  "unwrapped_position_scale": 1.0,
  "motor_position_output_sign": 1.0,
  "abi_version": 65536,
  "voltage_mode_control": false,
  "py_version": "1.0.0"
}
